[    0.000000] Linux version 4.15.0-206-generic (buildd@lcy02-amd64-070) (gcc version 7.5.0 (Ubuntu 7.5.0-3ubuntu1~18.04)) #217-Ubuntu SMP Fri Feb 3 19:10:13 UTC 2023 (Ubuntu 4.15.0-206.217-generic 4.15.18)
[    0.000000] Command line: BOOT_IMAGE=/boot/vmlinuz-4.15.0-206-generic root=LABEL=cloudimg-rootfs ro console=tty1 console=ttyS0
[    0.000000] KERNEL supported cpus:
[    0.000000]   Intel GenuineIntel
[    0.000000]   AMD AuthenticAMD
[    0.000000]   Centaur CentaurHauls
[    0.000000] x86/fpu: Supporting XSAVE feature 0x001: 'x87 floating point registers'
[    0.000000] x86/fpu: Supporting XSAVE feature 0x002: 'SSE registers'
[    0.000000] x86/fpu: Supporting XSAVE feature 0x004: 'AVX registers'
[    0.000000] x86/fpu: xstate_offset[2]:  576, xstate_sizes[2]:  256
[    0.000000] x86/fpu: Enabled xstate features 0x7, context size is 832 bytes, using 'standard' format.
[    0.000000] e820: BIOS-provided physical RAM map:
[    0.000000] BIOS-e820: [mem 0x0000000000000000-0x000000000009fbff] usable
[    0.000000] BIOS-e820: [mem 0x000000000009fc00-0x000000000009ffff] reserved
[    0.000000] BIOS-e820: [mem 0x00000000000f0000-0x00000000000fffff] reserved
[    0.000000] BIOS-e820: [mem 0x0000000000100000-0x000000003ffeffff] usable
[    0.000000] BIOS-e820: [mem 0x000000003fff0000-0x000000003fffffff] ACPI data
[    0.000000] BIOS-e820: [mem 0x00000000fec00000-0x00000000fec00fff] reserved
[    0.000000] BIOS-e820: [mem 0x00000000fee00000-0x00000000fee00fff] reserved
[    0.000000] BIOS-e820: [mem 0x00000000fffc0000-0x00000000ffffffff] reserved
[    0.000000] NX (Execute Disable) protection: active
[    0.000000] SMBIOS 2.5 present.
[    0.000000] DMI: innotek GmbH VirtualBox/VirtualBox, BIOS VirtualBox 12/01/2006
[    0.000000] Hypervisor detected: KVM
[    0.000000] e820: last_pfn = 0x3fff0 max_arch_pfn = 0x400000000
[    0.000000] MTRR: Disabled
[    0.000000] x86/PAT: MTRRs disabled, skipping PAT initialization too.
[    0.000000] CPU MTRRs all blank - virtualized system.
[    0.000000] x86/PAT: Configuration [0-7]: WB  WT  UC- UC  WB  WT  UC- UC  
[    0.000000] found SMP MP-table at [mem 0x0009fff0-0x0009ffff]
[    0.000000] Scanning 1 areas for low memory corruption
[    0.000000] RAMDISK: [mem 0x359c9000-0x36cdbfff]
[    0.000000] ACPI: Early table checksum verification disabled
[    0.000000] ACPI: RSDP 0x00000000000E0000 000024 (v02 VBOX  )
[    0.000000] ACPI: XSDT 0x000000003FFF0030 00003C (v01 VBOX   VBOXXSDT 00000001 ASL  00000061)
[    0.000000] ACPI: FACP 0x000000003FFF00F0 0000F4 (v04 VBOX   VBOXFACP 00000001 ASL  00000061)
[    0.000000] ACPI: DSDT 0x000000003FFF0610 002353 (v02 VBOX   VBOXBIOS 00000002 INTL 20100528)
[    0.000000] ACPI: FACS 0x000000003FFF0200 000040
[    0.000000] ACPI: FACS 0x000000003FFF0200 000040
[    0.000000] ACPI: APIC 0x000000003FFF0240 00005C (v02 VBOX   VBOXAPIC 00000001 ASL  00000061)
[    0.000000] ACPI: SSDT 0x000000003FFF02A0 00036C (v01 VBOX   VBOXCPUT 00000002 INTL 20100528)
[    0.000000] ACPI: Reserving FACP table memory at [mem 0x3fff00f0-0x3fff01e3]
[    0.000000] ACPI: Reserving DSDT table memory at [mem 0x3fff0610-0x3fff2962]
[    0.000000] ACPI: Reserving FACS table memory at [mem 0x3fff0200-0x3fff023f]
[    0.000000] ACPI: Reserving FACS table memory at [mem 0x3fff0200-0x3fff023f]
[    0.000000] ACPI: Reserving APIC table memory at [mem 0x3fff0240-0x3fff029b]
[    0.000000] ACPI: Reserving SSDT table memory at [mem 0x3fff02a0-0x3fff060b]
[    0.000000] No NUMA configuration found
[    0.000000] Faking a node at [mem 0x0000000000000000-0x000000003ffeffff]
[    0.000000] NODE_DATA(0) allocated [mem 0x3ffc5000-0x3ffeffff]
[    0.000000] kvm-clock: cpu 0, msr 0:3ff44001, primary cpu clock
[    0.000000] kvm-clock: Using msrs 4b564d01 and 4b564d00
[    0.000000] kvm-clock: using sched offset of 4005132422 cycles
[    0.000000] clocksource: kvm-clock: mask: 0xffffffffffffffff max_cycles: 0x1cd42e4dffb, max_idle_ns: 881590591483 ns
[    0.000000] Zone ranges:
[    0.000000]   DMA      [mem 0x0000000000001000-0x0000000000ffffff]
[    0.000000]   DMA32    [mem 0x0000000001000000-0x000000003ffeffff]
[    0.000000]   Normal   empty
[    0.000000]   Device   empty
[    0.000000] Movable zone start for each node
[    0.000000] Early memory node ranges
[    0.000000]   node   0: [mem 0x0000000000001000-0x000000000009efff]
[    0.000000]   node   0: [mem 0x0000000000100000-0x000000003ffeffff]
[    0.000000] Reserved but unavailable: 104 pages
[    0.000000] Initmem setup node 0 [mem 0x0000000000001000-0x000000003ffeffff]
[    0.000000] ACPI: PM-Timer IO Port: 0x4008
[    0.000000] IOAPIC[0]: apic_id 2, version 32, address 0xfec00000, GSI 0-23
[    0.000000] ACPI: INT_SRC_OVR (bus 0 bus_irq 0 global_irq 2 dfl dfl)
[    0.000000] ACPI: INT_SRC_OVR (bus 0 bus_irq 9 global_irq 9 low level)
[    0.000000] Using ACPI (MADT) for SMP configuration information
[    0.000000] smpboot: Allowing 2 CPUs, 0 hotplug CPUs
[    0.000000] PM: Registered nosave memory: [mem 0x00000000-0x00000fff]
[    0.000000] PM: Registered nosave memory: [mem 0x0009f000-0x0009ffff]
[    0.000000] PM: Registered nosave memory: [mem 0x000a0000-0x000effff]
[    0.000000] PM: Registered nosave memory: [mem 0x000f0000-0x000fffff]
[    0.000000] e820: [mem 0x40000000-0xfebfffff] available for PCI devices
[    0.000000] Booting paravirtualized kernel on KVM
[    0.000000] clocksource: refined-jiffies: mask: 0xffffffff max_cycles: 0xffffffff, max_idle_ns: 7645519600211568 ns
[    0.000000] setup_percpu: NR_CPUS:8192 nr_cpumask_bits:2 nr_cpu_ids:2 nr_node_ids:1
[    0.000000] percpu: Embedded 50 pages/cpu s167936 r8192 d28672 u1048576
[    0.000000] PV qspinlock hash table entries: 256 (order: 0, 4096 bytes)
[    0.000000] Built 1 zonelists, mobility grouping on.  Total pages: 257913
[    0.000000] Policy zone: DMA32
[    0.000000] Kernel command line: BOOT_IMAGE=/boot/vmlinuz-4.15.0-206-generic root=LABEL=cloudimg-rootfs ro console=tty1 console=ttyS0
[    0.000000] Memory: 982640K/1048120K available (12300K kernel code, 2477K rwdata, 4324K rodata, 2480K init, 2720K bss, 65480K reserved, 0K cma-reserved)
[    0.000000] SLUB: HWalign=64, Order=0-3, MinObjects=0, CPUs=2, Nodes=1
[    0.000000] ftrace: allocating 39485 entries in 155 pages
[    0.004000] Hierarchical RCU implementation.
[    0.004000] 	RCU restricting CPUs from NR_CPUS=8192 to nr_cpu_ids=2.
[    0.004000] 	Tasks RCU enabled.
[    0.004000] RCU: Adjusting geometry for rcu_fanout_leaf=16, nr_cpu_ids=2
[    0.004000] NR_IRQS: 524544, nr_irqs: 440, preallocated irqs: 16
[    0.004000] random: crng init done
[    0.004000] Console: colour VGA+ 80x25
[    0.004000] console [tty1] enabled
[    0.004000] console [ttyS0] enabled
[    0.004000] ACPI: Core revision 20170831
[    0.004000] ACPI: 2 ACPI AML tables successfully acquired and loaded
[    0.004000] APIC: Switch to symmetric I/O mode setup
[    0.004000] x2apic enabled
[    0.004000] Switched APIC routing to physical x2apic.
[    0.005736] ..TIMER: vector=0x30 apic1=0 pin1=2 apic2=-1 pin2=-1
[    0.008008] tsc: Detected 2419.198 MHz processor
[    0.012018] Calibrating delay loop (skipped) preset value.. 4838.39 BogoMIPS (lpj=9676792)
[    0.014438] pid_max: default: 32768 minimum: 301
[    0.016063] Security Framework initialized
[    0.017255] Yama: becoming mindful.
[    0.018402] AppArmor: AppArmor initialized
[    0.024054] Dentry cache hash table entries: 131072 (order: 8, 1048576 bytes)
[    0.025389] Inode-cache hash table entries: 65536 (order: 7, 524288 bytes)
[    0.028025] Mount-cache hash table entries: 2048 (order: 2, 16384 bytes)
[    0.028903] Mountpoint-cache hash table entries: 2048 (order: 2, 16384 bytes)
[    0.030760] Last level iTLB entries: 4KB 0, 2MB 0, 4MB 0
[    0.032003] Last level dTLB entries: 4KB 0, 2MB 0, 4MB 0, 1GB 0
[    0.032953] Spectre V1 : Mitigation: usercopy/swapgs barriers and __user pointer sanitization
[    0.034307] Spectre V2 : Mitigation: Retpolines
[    0.034831] Spectre V2 : Spectre v2 / SpectreRSB mitigation: Filling RSB on context switch
[    0.036002] Spectre V2 : Spectre v2 / SpectreRSB : Filling RSB on VMEXIT
[    0.036870] Speculative Store Bypass: Vulnerable
[    0.037662] Freeing SMP alternatives memory: 36K
[    0.145305] smpboot: CPU0: 11th Gen Intel(R) Core(TM) i5-1135G7 @ 2.40GHz (family: 0x6, model: 0x8c, stepping: 0x1)
[    0.148000] Performance Events: unsupported p6 CPU model 140 no PMU driver, software events only.
[    0.148161] Hierarchical SRCU implementation.
[    0.153237] NMI watchdog: Perf event create on CPU 0 failed with -2
[    0.155611] NMI watchdog: Perf NMI watchdog permanently disabled
[    0.156057] smp: Bringing up secondary CPUs ...
[    0.158163] x86: Booting SMP configuration:
[    0.160004] .... node  #0, CPUs:      #1
[    0.004000] kvm-clock: cpu 1, msr 0:3ff44041, secondary cpu clock
[    0.166834] smp: Brought up 1 node, 2 CPUs
[    0.166834] smpboot: Max logical packages: 1
[    0.168088] smpboot: Total of 2 processors activated (9676.79 BogoMIPS)
[    0.169241] devtmpfs: initialized
[    0.169241] x86/mm: Memory block size: 128MB
[    0.172127] evm: security.selinux
[    0.172575] evm: security.SMACK64
[    0.173142] evm: security.SMACK64EXEC
[    0.173866] evm: security.SMACK64TRANSMUTE
[    0.174919] evm: security.SMACK64MMAP
[    0.176006] evm: security.apparmor
[    0.176652] evm: security.ima
[    0.177313] evm: security.capability
[    0.178334] clocksource: jiffies: mask: 0xffffffff max_cycles: 0xffffffff, max_idle_ns: 7645041785100000 ns
[    0.180015] futex hash table entries: 512 (order: 3, 32768 bytes)
[    0.180748] pinctrl core: initialized pinctrl subsystem
[    0.184119] RTC time: 11:32:36, date: 03/23/23
[    0.184832] NET: Registered protocol family 16
[    0.185527] audit: initializing netlink subsys (disabled)
[    0.188008] audit: type=2000 audit(1679571161.815:1): state=initialized audit_enabled=0 res=1
[    0.188975] cpuidle: using governor ladder
[    0.189069] cpuidle: using governor menu
[    0.190442] ACPI: bus type PCI registered
[    0.192017] acpiphp: ACPI Hot Plug PCI Controller Driver version: 0.5
[    0.194267] PCI: Using configuration type 1 for base access
[    0.196786] HugeTLB registered 2.00 MiB page size, pre-allocated 0 pages
[    0.196833] ACPI: Added _OSI(Module Device)
[    0.196833] ACPI: Added _OSI(Processor Device)
[    0.197519] ACPI: Added _OSI(3.0 _SCP Extensions)
[    0.200012] ACPI: Added _OSI(Processor Aggregator Device)
[    0.201053] ACPI: Added _OSI(Linux-Dell-Video)
[    0.201968] ACPI: Added _OSI(Linux-Lenovo-NV-HDMI-Audio)
[    0.202713] ACPI: Added _OSI(Linux-HPI-Hybrid-Graphics)
[    0.204169] ACPI: Executed 1 blocks of module-level executable AML code
[    0.207964] ACPI: Interpreter enabled
[    0.208014] ACPI: (supports S0 S5)
[    0.208545] ACPI: Using IOAPIC for interrupt routing
[    0.209257] PCI: Using host bridge windows from ACPI; if necessary, use "pci=nocrs" and report a bug
[    0.210493] ACPI: Enabled 2 GPEs in block 00 to 07
[    0.216864] ACPI: PCI Root Bridge [PCI0] (domain 0000 [bus 00-ff])
[    0.220023] acpi PNP0A03:00: _OSC: OS supports [ASPM ClockPM Segments MSI]
[    0.223204] acpi PNP0A03:00: _OSC: not requesting OS control; OS requires [ExtendedConfig ASPM ClockPM MSI]
[    0.224024] acpi PNP0A03:00: fail to add MMCONFIG information, can't access extended PCI configuration space under this bridge.
[    0.228480] PCI host bridge to bus 0000:00
[    0.229467] pci_bus 0000:00: root bus resource [io  0x0000-0x0cf7 window]
[    0.231372] pci_bus 0000:00: root bus resource [io  0x0d00-0xffff window]
[    0.232005] pci_bus 0000:00: root bus resource [mem 0x000a0000-0x000bffff window]
[    0.233526] pci_bus 0000:00: root bus resource [mem 0x40000000-0xfdffffff window]
[    0.234569] pci_bus 0000:00: root bus resource [bus 00-ff]
[    0.238801] pci 0000:00:01.1: legacy IDE quirk: reg 0x10: [io  0x01f0-0x01f7]
[    0.240008] pci 0000:00:01.1: legacy IDE quirk: reg 0x14: [io  0x03f6]
[    0.241815] pci 0000:00:01.1: legacy IDE quirk: reg 0x18: [io  0x0170-0x0177]
[    0.244007] pci 0000:00:01.1: legacy IDE quirk: reg 0x1c: [io  0x0376]
[    0.270921] pci 0000:00:07.0: quirk: [io  0x4000-0x403f] claimed by PIIX4 ACPI
[    0.272025] pci 0000:00:07.0: quirk: [io  0x4100-0x410f] claimed by PIIX4 SMB
[    0.279444] ACPI: PCI Interrupt Link [LNKA] (IRQs 5 9 10 *11)
[    0.280209] ACPI: PCI Interrupt Link [LNKB] (IRQs 5 9 *10 11)
[    0.280932] ACPI: PCI Interrupt Link [LNKC] (IRQs 5 *9 10 11)
[    0.281970] ACPI: PCI Interrupt Link [LNKD] (IRQs 5 9 10 *11)
[    0.283520] SCSI subsystem initialized
[    0.284092] pci 0000:00:02.0: vgaarb: setting as boot VGA device
[    0.284826] pci 0000:00:02.0: vgaarb: VGA device added: decodes=io+mem,owns=io+mem,locks=none
[    0.286433] pci 0000:00:02.0: vgaarb: bridge control possible
[    0.287354] vgaarb: loaded
[    0.288081] ACPI: bus type USB registered
[    0.288689] usbcore: registered new interface driver usbfs
[    0.289631] usbcore: registered new interface driver hub
[    0.290458] usbcore: registered new device driver usb
[    0.291358] EDAC MC: Ver: 3.0.0
[    0.292178] PCI: Using ACPI for IRQ routing
[    0.292748] NetLabel: Initializing
[    0.293250] NetLabel:  domain hash size = 128
[    0.293851] NetLabel:  protocols = UNLABELED CIPSOv4 CALIPSO
[    0.294579] NetLabel:  unlabeled traffic allowed by default
[    0.295371] clocksource: Switched to clocksource kvm-clock
[    0.310298] VFS: Disk quotas dquot_6.6.0
[    0.310881] VFS: Dquot-cache hash table entries: 512 (order 0, 4096 bytes)
[    0.311759] AppArmor: AppArmor Filesystem Enabled
[    0.312633] pnp: PnP ACPI init
[    0.314230] pnp: PnP ACPI: found 3 devices
[    0.322804] clocksource: acpi_pm: mask: 0xffffff max_cycles: 0xffffff, max_idle_ns: 2085701024 ns
[    0.324397] NET: Registered protocol family 2
[    0.325267] IP idents hash table entries: 16384 (order: 5, 131072 bytes)
[    0.329761] TCP established hash table entries: 8192 (order: 4, 65536 bytes)
[    0.330945] TCP bind hash table entries: 8192 (order: 5, 131072 bytes)
[    0.332018] TCP: Hash tables configured (established 8192 bind 8192)
[    0.332838] UDP hash table entries: 512 (order: 2, 16384 bytes)
[    0.333497] UDP-Lite hash table entries: 512 (order: 2, 16384 bytes)
[    0.334398] NET: Registered protocol family 1
[    0.334998] pci 0000:00:00.0: Limiting direct PCI/PCI transfers
[    0.335658] pci 0000:00:01.0: Activating ISA DMA hang workarounds
[    0.336446] pci 0000:00:02.0: Video device with shadowed ROM at [mem 0x000c0000-0x000dffff]
[    0.337570] Unpacking initramfs...
[    0.859593] Freeing initrd memory: 19532K
[    0.862552] clocksource: tsc: mask: 0xffffffffffffffff max_cycles: 0x22df0f35937, max_idle_ns: 440795269039 ns
[    0.868981] platform rtc_cmos: registered platform RTC device (no PNP device found)
[    0.871347] Scanning for low memory corruption every 60 seconds
[    0.874368] Initialise system trusted keyrings
[    0.875880] Key type blacklist registered
[    0.877253] workingset: timestamp_bits=36 max_order=18 bucket_order=0
[    0.880364] zbud: loaded
[    0.881870] squashfs: version 4.0 (2009/01/31) Phillip Lougher
[    0.882759] fuse init (API version 7.26)
[    0.886099] Key type asymmetric registered
[    0.887347] Asymmetric key parser 'x509' registered
[    0.888575] Block layer SCSI generic (bsg) driver version 0.4 loaded (major 246)
[    0.889644] io scheduler noop registered
[    0.890076] io scheduler deadline registered
[    0.890523] io scheduler cfq registered (default)
[    0.891329] ACPI: AC Adapter [AC] (on-line)
[    0.891878] input: Power Button as /devices/LNXSYSTM:00/LNXPWRBN:00/input/input0
[    0.892845] ACPI: Power Button [PWRF]
[    0.893501] input: Sleep Button as /devices/LNXSYSTM:00/LNXSLPBN:00/input/input1
[    0.894935] ACPI: Sleep Button [SLPF]
[    0.897229] ACPI: Battery Slot [BAT0] (battery present)
[    0.899246] Serial: 8250/16550 driver, 32 ports, IRQ sharing enabled
[    0.923121] 00:02: ttyS0 at I/O 0x3f8 (irq = 4, base_baud = 115200) is a 16550A
[    0.932796] Linux agpgart interface v0.103
[    0.945357] loop: module loaded
[    0.948851] scsi host0: ata_piix
[    0.952416] scsi host1: ata_piix
[    0.954529] ata1: PATA max UDMA/33 cmd 0x1f0 ctl 0x3f6 bmdma 0xd000 irq 14
[    0.959910] ata2: PATA max UDMA/33 cmd 0x170 ctl 0x376 bmdma 0xd008 irq 15
[    0.962808] tun: Universal TUN/TAP device driver, 1.6
[    0.964213] PPP generic driver version 2.4.2
[    0.965156] ehci_hcd: USB 2.0 'Enhanced' Host Controller (EHCI) Driver
[    0.965969] ehci-pci: EHCI PCI platform driver
[    0.967164] ehci-platform: EHCI generic platform driver
[    0.968952] ohci_hcd: USB 1.1 'Open' Host Controller (OHCI) Driver
[    0.970876] ohci-pci: OHCI PCI platform driver
[    0.972255] ohci-platform: OHCI generic platform driver
[    0.974780] uhci_hcd: USB Universal Host Controller Interface driver
[    0.976460] i8042: PNP: PS/2 Controller [PNP0303:PS2K,PNP0f03:PS2M] at 0x60,0x64 irq 1,12
[    0.979381] serio: i8042 KBD port at 0x60,0x64 irq 1
[    0.981463] serio: i8042 AUX port at 0x60,0x64 irq 12
[    0.982864] mousedev: PS/2 mouse device common for all mice
[    0.985315] input: AT Translated Set 2 keyboard as /devices/platform/i8042/serio0/input/input2
[    0.987927] rtc_cmos rtc_cmos: rtc core: registered rtc_cmos as rtc0
[    0.990005] rtc_cmos rtc_cmos: alarms up to one day, 114 bytes nvram
[    0.991166] i2c /dev entries driver
[    0.992267] device-mapper: uevent: version 1.0.3
[    0.993348] device-mapper: ioctl: 4.37.0-ioctl (2017-09-20) initialised: dm-devel@redhat.com
[    0.994918] ledtrig-cpu: registered to indicate activity on CPUs
[    0.996875] NET: Registered protocol family 10
[    1.001167] Segment Routing with IPv6
[    1.001732] NET: Registered protocol family 17
[    1.002340] Key type dns_resolver registered
[    1.003097] mce: Using 0 MCE banks
[    1.003614] RAS: Correctable Errors collector initialized.
[    1.004742] sched_clock: Marking stable (1004713081, 0)->(1216414616, -211701535)
[    1.006348] registered taskstats version 1
[    1.006999] Loading compiled-in X.509 certificates
[    1.009074] Loaded X.509 cert 'Build time autogenerated kernel key: 4d405f87ce750406625b929cd2e51cc76ab5bcf4'
[    1.010973] Loaded X.509 cert 'Canonical Ltd. Live Patch Signing: 14df34d1a87cf37625abec039ef2bf521249b969'
[    1.013966] Loaded X.509 cert 'Canonical Ltd. Kernel Module Signing: 88f752e560a1e0737e31163a466ad7b70a850c19'
[    1.015402] blacklist: Loading compiled-in revocation X.509 certificates
[    1.016067] Loaded X.509 cert 'Canonical Ltd. Secure Boot Signing: 61482aa2830d0ab2ad5af10b7250da9033ddcef0'
[    1.017570] Loaded X.509 cert 'Canonical Ltd. Secure Boot Signing (2017): 242ade75ac4a15e50d50c84b0d45ff3eae707a03'
[    1.019112] Loaded X.509 cert 'Canonical Ltd. Secure Boot Signing (ESM 2018): 365188c1d374d6b07c3c8f240f8ef722433d6a8b'
[    1.020973] Loaded X.509 cert 'Canonical Ltd. Secure Boot Signing (2019): c0746fd6c5da3ae827864651ad66ae47fe24b3e8'
[    1.023950] Loaded X.509 cert 'Canonical Ltd. Secure Boot Signing (2021 v1): a8d54bbb3825cfb94fa13c9f8a594a195c107b8d'
[    1.027098] Loaded X.509 cert 'Canonical Ltd. Secure Boot Signing (2021 v2): 4cf046892d6fd3c9a5b03f98d845f90851dc6a8c'
[    1.029907] Loaded X.509 cert 'Canonical Ltd. Secure Boot Signing (2021 v3): 100437bb6de6e469b581e61cd66bce3ef4ed53af'
[    1.032442] Loaded X.509 cert 'Canonical Ltd. Secure Boot Signing (Ubuntu Core 2019): c1d57b8f6b743f23ee41f4f7ee292f06eecadfb9'
[    1.035736] zswap: loaded using pool lzo/zbud
[    1.042348] Key type big_key registered
[    1.042829] Key type trusted registered
[    1.046109] Key type encrypted registered
[    1.047252] AppArmor: AppArmor sha1 policy hashing enabled
[    1.048494] ima: No TPM chip found, activating TPM-bypass! (rc=-19)
[    1.050170] ima: Allocated hash algorithm: sha1
[    1.050835] evm: HMAC attrs: 0x1
[    1.051391]   Magic number: 15:353:530
[    1.051978] tty ttyS10: hash matches
[    1.052695] rtc_cmos rtc_cmos: setting system clock to 2023-03-23 11:32:37 UTC (1679571157)
[    1.054045] BIOS EDD facility v0.16 2004-Jun-25, 0 devices found
[    1.054809] EDD information not available.
[    1.153353] Freeing unused kernel image memory: 2480K
[    1.164174] Write protecting the kernel read-only data: 20480k
[    1.170036] Freeing unused kernel image memory: 2008K
[    1.175260] Freeing unused kernel image memory: 1820K
[    1.187350] x86/mm: Checked W+X mappings: passed, no W+X pages found.
Loading, please wait...
starting version 237
[    1.272067] Fusion MPT base driver 3.04.20
[    1.273016] Copyright (c) 1999-2008 LSI Corporation
[    1.274375] e1000: Intel(R) PRO/1000 Network Driver - version 7.3.21-k8-NAPI
[    1.276122] e1000: Copyright (c) 1999-2006 Intel Corporation.
[    1.281730] Fusion MPT SPI Host driver 3.04.20
[    1.291512] mptbase: ioc0: Initiating bringup
[    1.302635] AVX2 version of gcm_enc/dec engaged.
[    1.303480] AES CTR mode by8 optimization enabled
[    1.416688] ioc0: LSI53C1030 A0: Capabilities={Initiator}
[    1.497633] input: ImExPS/2 Generic Explorer Mouse as /devices/platform/i8042/serio1/input/input4
[    1.670341] scsi host2: ioc0: LSI53C1030 A0, FwRev=00000000h, Ports=1, MaxQ=256, IRQ=20
[    1.845697] scsi 2:0:0:0: Direct-Access     VBOX     HARDDISK         1.0  PQ: 0 ANSI: 5
[    1.904072] scsi target2:0:0: Beginning Domain Validation
[    1.913518] scsi target2:0:0: Domain Validation skipping write tests
[    1.915160] scsi target2:0:0: Ending Domain Validation
[    1.916460] scsi target2:0:0: asynchronous
[    1.918934] scsi 2:0:1:0: Direct-Access     VBOX     HARDDISK         1.0  PQ: 0 ANSI: 5
[    2.297387] scsi target2:0:1: Beginning Domain Validation
[    2.306728] scsi target2:0:1: Domain Validation skipping write tests
[    2.310584] scsi target2:0:1: Ending Domain Validation
[    2.312950] scsi target2:0:1: asynchronous
[    2.319174] sd 2:0:0:0: Attached scsi generic sg0 type 0
[    2.324281] sd 2:0:1:0: Attached scsi generic sg1 type 0
[    2.325689] sd 2:0:0:0: [sda] 83886080 512-byte logical blocks: (42.9 GB/40.0 GiB)
[    2.326490] e1000 0000:00:03.0 eth0: (PCI:33MHz:32-bit) 02:68:0a:01:d2:87
[    2.327323] sd 2:0:1:0: [sdb] 20480 512-byte logical blocks: (10.5 MB/10.0 MiB)
[    2.329194] e1000 0000:00:03.0 eth0: Intel(R) PRO/1000 Network Connection
[    2.329250] sd 2:0:0:0: [sda] Write Protect is off
[    2.331069] sd 2:0:1:0: [sdb] Write Protect is off
[    2.335074] sd 2:0:1:0: [sdb] Incomplete mode parameter data
[    2.335084] sd 2:0:0:0: [sda] Incomplete mode parameter data
[    2.336463] sd 2:0:1:0: [sdb] Assuming drive cache: write through
[    2.338030] sd 2:0:0:0: [sda] Assuming drive cache: write through
[    2.344223]  sda: sda1
[    2.345743] sd 2:0:1:0: [sdb] Attached SCSI disk
[    2.346618] sd 2:0:0:0: [sda] Attached SCSI disk
[    2.348483] e1000 0000:00:03.0 enp0s3: renamed from eth0
Begin: Loading essential drivers ... [    4.256103] raid6: sse2x1   gen()  6001 MB/s
[    4.304171] raid6: sse2x1   xor()  3386 MB/s
[    4.352103] raid6: sse2x2   gen()  8843 MB/s
[    4.400124] raid6: sse2x2   xor()  5693 MB/s
[    4.448115] raid6: sse2x4   gen() 10390 MB/s
[    4.496046] raid6: sse2x4   xor()  6699 MB/s
[    4.544057] raid6: avx2x1   gen() 17950 MB/s
[    4.592023] raid6: avx2x1   xor() 12225 MB/s
[    4.640100] raid6: avx2x2   gen() 30870 MB/s
[    4.688046] raid6: avx2x2   xor() 14086 MB/s
[    4.736142] raid6: avx2x4   gen() 16468 MB/s
[    4.784055] raid6: avx2x4   xor() 10954 MB/s
[    4.784976] raid6: using algorithm avx2x2 gen() 30870 MB/s
[    4.785811] raid6: .... xor() 14086 MB/s, rmw enabled
[    4.786592] raid6: using avx2x2 recovery algorithm
[    4.788776] xor: automatically using best checksumming function   avx       
[    4.794065] async_tx: api initialized (async)
done.
Begin: Running /scripts/init-premount ... done.
Begin: Mounting root file system ... Begin: Running /scripts/local-top ... done.
Begin: Running /scripts/local-premount ... [    4.878228] Btrfs loaded, crc32c=crc32c-intel
Scanning for Btrfs filesystems
done.
Warning: fsck not present, so skipping root file system
[    4.943916] EXT4-fs (sda1): mounted filesystem with ordered data mode. Opts: (null)
done.
Begin: Running /scripts/local-bottom ... done.
Begin: Running /scripts/init-bottom ... done.
[    5.151848] ip_tables: (C) 2000-2006 Netfilter Core Team
[    5.159791] systemd[1]: systemd 237 running in system mode. (+PAM +AUDIT +SELINUX +IMA +APPARMOR +SMACK +SYSVINIT +UTMP +LIBCRYPTSETUP +GCRYPT +GNUTLS +ACL +XZ +LZ4 +SECCOMP +BLKID +ELFUTILS +KMOD -IDN2 +IDN -PCRE2 default-hierarchy=hybrid)
[    5.162583] systemd[1]: Detected virtualization oracle.
[    5.163628] systemd[1]: Detected architecture x86-64.

Welcome to [1mUbuntu 18.04.6 LTS[0m!

[    5.168378] systemd[1]: Set hostname to <ubuntu>.
[    5.170233] systemd[1]: Initializing machine ID from random generator.
[    5.170970] systemd[1]: Installed transient /etc/machine-id file.
[    5.628887] systemd[1]: Reached target System Time Synchronized.
[[0;32m  OK  [0m] Reached target System Time Synchronized.
[    5.630557] systemd[1]: Reached target Swap.
[[0;32m  OK  [0m] Reached target Swap.
[    5.632973] systemd[1]: Created slice System Slice.
[[0;32m  OK  [0m] Created slice System Slice.
[    5.633959] systemd[1]: Listening on Syslog Socket.
[[0;32m  OK  [0m] Listening on Syslog Socket.
[[0;32m  OK  [0m] Listening on LVM2 poll daemon socket.
[[0;32m  OK  [0m] Listening on Device-mapper event daemon FIFOs.
[[0;32m  OK  [0m] Listening on Journal Socket.
         Starting Set the console keyboard layout...
         Starting Load Kernel Modules...
         Starting Create list of required stâ€¦ce nodes for the current kernel...
[[0;32m  OK  [0m] Created slice system-serial\x2dgetty.slice.
         Mounting Kernel Debug File System...
[[0;32m  OK  [0m] Listening on /dev/initctl Compatibility Named Pipe.
[[0;32m  OK  [0m] Listening on udev Kernel Socket.
         Starting Uncomplicated firewall...
[    5.830347] Loading iSCSI transport class v2.0-870.
[[0;32m  OK  [0m] Reached target Mounting snaps.
[    5.841197] iscsi: registered transport (tcp)
[[0;32m  OK  [0m] Reached target Mounted snaps.
[[0;32m  OK  [0m] Listening on Journal Audit Socket.
[[0;32m  OK  [0m] Listening on Journal Socket (/dev/log).
         Starting Journal Service...
         Mounting POSIX Message Queue File System...
[[0;32m  OK  [0m] Listening on udev Control Socket.
         Starting udev Coldplug all Devices...
[[0;32m  OK  [0m] Listening on LVM2 metadata daemon socket.
         Starting Monitoring of LVM2 mirrorsâ€¦ng dmeventd or progress polling...
[[0;32m  OK  [0m] Listening on Network Service Netlink Socket.
[[0;32m  OK  [0[    5.913465] iscsi: registered transport (iser)
m] Created slice User and Session Slice.
[[0;32m  OK  [0m] Reached target Slices.
         Mounting Huge Pages File System...
[[0;32m  OK  [0m] Started Forward Password Requests to Wall Directory Watch.
[[0;32m  OK  [0m] Set up automount Arbitrary Executabâ€¦rmats File System Automount Point.
[[0;32m  OK  [0m] Reached target User and Group Name Lookups.
[[0;32m  OK  [0m] Listening on fsck to fsckd communication Socket.
         Starting File System Check on Root Device...
[[0;32m  OK  [0m] Started Journal Service.
[[0;32m  OK  [0m] Started Load Kernel Modules.
[[0;32m  OK  [0m] Started Create list of required staâ€¦vice nodes for the current kernel.
[[0;32m  OK  [0m] Mounted Kernel Debug File System.
[[0;32m  OK  [0m] Started Uncomplicated firewall.
[[0;32m  OK  [0m] Mounted POSIX Message Queue File System.
[[0;32m  OK  [0m] Mounted Huge Pages File System.
[[0;32m  OK  [0m] Started LVM2 metadata daemon.
         Starting Create Static Device Nodes in /dev...
         Starting Apply Kernel Variables...
         Mounting FUSE Control File System...
         Mounting Kernel Configuration File System...
[[0;32m  OK  [0m] Mounted FUSE Control File System.
[[0;32m  OK  [0m] Mounted Kernel Configuration File System.
[[0;32m  OK  [0m] Started File System Check Daemon to report status.
[[0;32m  OK  [0m] Started Create Static Device Nodes in /dev.
[[0;32m  OK  [0m] Started udev Coldplug all Devices.
[[0;32m  OK  [0m] Started Monitoring of LVM2 mirrors,â€¦sing dmeventd or progress polling.
[[0;32m  OK  [0m] Started Apply Kernel Variables.
[[0;32m  OK  [0m] Started File System Check on Root Device.
         Starting Remount Root and Kernel File Systems...
[[0;32m  OK  [0m] Started Remount Root and Kernel File Systems.
         Starting Load/Save Random Seed...
         Starting udev Kernel Device Manager...
         Starting Flush Journal to Persistent Storage...
[[0;32m  OK  [0m] Started Load/Save Random Seed.
[[0;32m  OK  [0m] Started udev Kernel Device Manager.
[[0;32m  OK  [0m] Started Flush Journal to Persistent Storage.
[[0;32m  OK  [0m] Found device /dev/ttyS0.
[[0;32m  OK  [0m] Listening on Load/Save RF Kill Switch Status /dev/rfkill Watch.
         Mounting Arbitrary Executable File Formats File System...
[[0;32m  OK  [0m] Mounted Arbitrary Executable File Formats File System.
[[0;32m  OK  [0m] Started Set the console keyboard layout.
[[0;32m  OK  [0m] Started Dispatch Password Requests to Console Directory Watch.
[[0;32m  OK  [0m] Reached target Local Encrypted Volumes.
[[0;32m  OK  [0m] Reached target Local File Systems (Pre).
[[0;32m  OK  [0m] Reached target Local File Systems.
         Starting Set console font and keymap...
         Starting Commit a transient machine-id on disk...
         Starting Tell Plymouth To Write Out Runtime Data...
         Starting AppArmor initialization...
         Starting ebtables ruleset management...
         Starting Create Volatile Files and Directories...
[[0;32m  OK  [0m] Started Set console font and keymap.
[[0;32m  OK  [0m] Started Tell Plymouth To Write Out Runtime Data.
[[0;32m  OK  [0m] Started Create Volatile Files and Directories.
         Starting Update UTMP about System Boot/Shutdown...
[[0;32m  OK  [0m] Started Update UTMP about System Boot/Shutdown.
[[0;32m  OK  [0m] Started Commit a transient machine-id on disk.
[[0;32m  OK  [0m] Started ebtables ruleset management.
[[0;32m  OK  [0m] Started AppArmor initialization.
         Starting Load AppArmor profiles managed internally by snapd...
         Starting Initial cloud-init job (pre-networking)...
[[0;32m  OK  [0m] Started Load AppArmor profiles managed internally by snapd.
[   10.823977] cloud-init[670]: Cloud-init v. 23.1.1-0ubuntu0~18.04.1 running 'init-local' at Thu, 23 Mar 2023 11:32:46 +0000. Up 10.28 seconds.
[[0;32m  OK  [0m] Started Initial cloud-init job (pre-networking).
[[0;32m  OK  [0m] Reached target Network (Pre).
         Starting Network Service...
[[0;32m  OK  [0m] Started Network Service.
         Starting Wait for Network to be Configured...
         Starting Network Name Resolution...
[[0;32m  OK  [0m] Started Network Name Resolution.
[[0;32m  OK  [0m] Reached target Host and Network Name Lookups.
[[0;32m  OK  [0m] Reached target Network.
[[0;32m  OK  [0m] Started Wait for Network to be Configured.
         Starting Initial cloud-init job (metadata service crawler)...
[   13.351682] cloud-init[778]: Cloud-init v. 23.1.1-0ubuntu0~18.04.1 running 'init' at Thu, 23 Mar 2023 11:32:49 +0000. Up 13.20 seconds.
[   13.354343] cloud-init[778]: ci-info: +++++++++++++++++++++++++++++++++++++Net device info++++++++++++++++++++++++++++++++++++++
[   13.355558] cloud-init[778]: ci-info: +--------+------+---------------------------+---------------+--------+-------------------+
[   13.357273] cloud-init[778]: ci-info: | Device |  Up  |          Address          |      Mask     | Scope  |     Hw-Address    |
[   13.363443] cloud-init[778]: ci-info: +--------+------+---------------------------+---------------+--------+-------------------+
[   13.364250] cloud-init[778]: ci-info: | enp0s3 | True |         10.0.2.15         | 255.255.255.0 | global | 02:68:0a:01:d2:87 |
[   13.364983] cloud-init[778]: ci-info: | enp0s3 | True | fe80::68:aff:fe01:d287/64 |       .       |  link  | 02:68:0a:01:d2:87 |
[   13.365665] cloud-init[778]: ci-info: |   lo   | True |         127.0.0.1         |   255.0.0.0   |  host  |         .         |
[   13.366590] cloud-init[778]: ci-info: |   lo   | True |          ::1/128          |       .       |  host  |         .         |
[   13.367540] cloud-init[778]: ci-info: +--------+------+---------------------------+---------------+--------+-------------------+
[   13.368593] cloud-init[778]: ci-info: ++++++++++++++++++++++++++++Route IPv4 info+++++++++++++++++++++++++++++
[   13.369509] cloud-init[778]: ci-info: +-------+-------------+----------+-----------------+-----------+-------+
[   13.370364] cloud-init[778]: ci-info: | Route | Destination | Gateway  |     Genmask     | Interface | Flags |
[   13.371239] cloud-init[778]: ci-info: +-------+-------------+----------+-----------------+-----------+-------+
[   13.372252] cloud-init[778]: ci-info: |   0   |   0.0.0.0   | 10.0.2.2 |     0.0.0.0     |   enp0s3  |   UG  |
[   13.384981] cloud-init[778]: ci-info: |   1   |   10.0.2.0  | 0.0.0.0  |  255.255.255.0  |   enp0s3  |   U   |
[   13.386297] cloud-init[778]: ci-info: |   2   |   10.0.2.2  | 0.0.0.0  | 255.255.255.255 |   enp0s3  |   UH  |
[   13.387696] cloud-init[778]: ci-info: +-------+-------------+----------+-----------------+-----------+-------+
[   13.400192] cloud-init[778]: ci-info: +++++++++++++++++++Route IPv6 info+++++++++++++++++++
[   13.400932] cloud-init[778]: ci-info: +-------+-------------+---------+-----------+-------+
[   13.401729] cloud-init[778]: ci-info: | Route | Destination | Gateway | Interface | Flags |
[   13.402418] cloud-init[778]: ci-info: +-------+-------------+---------+-----------+-------+
[   13.403458] cloud-init[778]: ci-info: |   1   |  fe80::/64  |    ::   |   enp0s3  |   U   |
[   13.404608] cloud-init[778]: ci-info: |   3   |    local    |    ::   |   enp0s3  |   U   |
[   13.405772] cloud-init[778]: ci-info: |   4   |   ff00::/8  |    ::   |   enp0s3  |   U   |
[   13.406793] cloud-init[778]: ci-info: +-------+-------------+---------+-----------+-------+
[   13.925655] cloud-init[778]: Generating public/private rsa key pair.
[   13.926536] cloud-init[778]: Your identification has been saved in /etc/ssh/ssh_host_rsa_key.
[   13.927531] cloud-init[778]: Your public key has been saved in /etc/ssh/ssh_host_rsa_key.pub.
[   13.928613] cloud-init[778]: The key fingerprint is:
[   13.929479] cloud-init[778]: SHA256:eb4aNZruF+COoy1PBfDZIuQ7Ggdeblro9lADCbvtAqk root@ubuntu-bionic
[   13.930708] cloud-init[778]: The key's randomart image is:
[   13.931432] cloud-init[778]: +---[RSA 2048]----+
[   13.932015] cloud-init[778]: |.   o            |
[   13.932532] cloud-init[778]: | o + o o         |
[   13.932976] cloud-init[778]: |. + + = .        |
[   13.933439] cloud-init[778]: | = * o o..       |
[   13.934148] cloud-init[778]: |+ = X  .S.+      |
[   13.934633] cloud-init[778]: |oo O o ..*..     |
[   13.935218] cloud-init[778]: |E B   .o+ ..     |
[   13.935665] cloud-init[778]: | o o.oo.....     |
[   13.936437] cloud-init[778]: |    o+oo+o.      |
[   13.937160] cloud-init[778]: +----[SHA256]-----+
[   13.937905] cloud-init[778]: Generating public/private dsa key pair.
[   13.938828] cloud-init[778]: Your identification has been saved in /etc/ssh/ssh_host_dsa_key.
[   13.940194] cloud-init[778]: Your public key has been saved in /etc/ssh/ssh_host_dsa_key.pub.
[   13.941528] cloud-init[778]: The key fingerprint is:
[   13.942408] cloud-init[778]: SHA256:r3VakZGu1cUO+bFbnvCLQvVKlR9FMjmdt3RU5EdwtV4 root@ubuntu-bionic
[   13.943862] cloud-init[778]: The key's randomart image is:
[   13.945419] cloud-init[778]: +---[DSA 1024]----+
[   13.946420] cloud-init[778]: |              +B%|
[   13.947233] cloud-init[778]: |             .o@*|
[   13.948187] cloud-init[778]: |            o ++E|
[   13.949056] cloud-init[778]: |           . =.X=|
[   13.949910] cloud-init[778]: |        S   *.+o*|
[   13.950767] cloud-init[778]: |         . + ooo=|
[   13.951635] cloud-init[778]: |          = + .+.|
[   13.952636] cloud-init[778]: |         o = .. .|
[   13.953482] cloud-init[778]: |        . . .. . |
[   13.954531] cloud-init[778]: +----[SHA256]-----+
[   13.955389] cloud-init[778]: Generating public/private ecdsa key pair.
[   13.956610] cloud-init[778]: Your identification has been saved in /etc/ssh/ssh_host_ecdsa_key.
[   13.958027] cloud-init[778]: Your public key has been saved in /etc/ssh/ssh_host_ecdsa_key.pub.
[   13.959338] cloud-init[778]: The key fingerprint is:
[   13.960253] cloud-init[778]: SHA256:0iQfrqfeDmfwvhRFSWjwVS6R0W8VB6C1ewLJkanfvEg root@ubuntu-bionic
[   13.961666] cloud-init[778]: The key's randomart image is:
[   13.962568] cloud-init[778]: +---[ECDSA 256]---+
[   13.963223] cloud-init[778]: |      .. oBO+..oo|
[   13.964523] cloud-init[778]: |       .o+=B..  o|
[   13.965364] cloud-init[778]: |      ..+.B o. . |
[   13.966166] cloud-init[778]: |       *.o o .o  |
[   13.966994] cloud-init[778]: |      o S. oo..  |
[   13.967797] cloud-init[778]: |       = .E oo   |
[   13.968576] cloud-init[778]: |      o *. . .   |
[   13.969358] cloud-init[778]: |       X  . .    |
[   13.970183] cloud-init[778]: |     .o.=.       |
[   13.971004] cloud-init[778]: +----[SHA256]-----+
[   13.971829] cloud-init[778]: Generating public/private ed25519 key pair.
[   13.972944] cloud-init[778]: Your identification has been saved in /etc/ssh/ssh_host_ed25519_key.
[   13.974815] cloud-init[778]: Your public key has been saved in /etc/ssh/ssh_host_ed25519_key.pub.
[   13.976387] cloud-init[778]: The key fingerprint is:
[   13.977393] cloud-init[778]: SHA256:24Logcbke0RShYhjOYypB4wpPltNDfnBjinOXJEo148 root@ubuntu-bionic
[   13.979659] cloud-init[778]: The key's randomart image is:
[   13.980509] cloud-init[778]: +--[ED25519 256]--+
[   13.981266] cloud-init[778]: |=+..o+B          |
[   13.982084] cloud-init[778]: |XB.oo* +         |
[   13.982715] cloud-init[778]: |=o+.o O .        |
[   13.983483] cloud-init[778]: |.ooo.E +         |
[   13.984490] cloud-init[778]: | .Ooo   S        |
[   13.985357] cloud-init[778]: | = =.. . o       |
[   13.986204] cloud-init[778]: |  =.o . o .      |
[   13.987005] cloud-init[778]: | . o..   .       |
[   13.987874] cloud-init[[0;32m  OK  [0m] Started Initial cloud-init job (metadata service crawler).
[[0;32m  OK  [0m] Reached target Network is Online.
[778]: |  ...            |
[   13.989926] [[0;32m  OK  [0m] Reached target Remote File Systems (Pre).
[[0;32m  OK  [0m] Reached target Remote File Systems.
cloud-init[778]: +----[SHA256]-----+
         Starting Availability of block devices...
[[0;32m  OK  [0m] Reached target System Initialization.
[[0;32m  OK  [0m] Listening on cloud-init hotplug hook socket.
[[0;32m  OK  [0m] Listening on D-Bus System Message Bus Socket.
[[0;32m  OK  [0m] Listening on ACPID Listen Socket.
[[0;32m  OK  [0m] Listening on UUID daemon activation socket.
[[0;32m  OK  [0m] Started Daily Cleanup of Temporary Directories.
[[0;32m  OK  [0m] Started Ubuntu Advantage Timer for running repeated jobs.
         Starting Socket activation for snappy daemon.
[[0;32m  OK  [0m] Started Daily apt download activities.
[[0;32m  OK  [0m] Started Daily apt upgrade and clean activities.
[[0;32m  OK  [0m] Started Discard unused blocks once a week.
         Starting LXD - unix socket.
[[0;32m  OK  [0m] Started ACPI Events Check.
[[0;32m  OK  [0m] Reached target Paths.
[[0;32m  OK  [0m] Started Message of the Day.
[[0;32m  OK  [0m] Reached target Timers.
[[0;32m  OK  [0m] Listening on Open-iSCSI iscsid Socket.
[[0;32m  OK  [0m] Reached target Cloud-config availability.
[[0;32m  OK  [0m] Listening on Socket activation for snappy daemon.
[[0;32m  OK  [0m] Listening on LXD - unix socket.
[[0;32m  OK  [0m] Reached target Sockets.
[[0;32m  OK  [0m] Reached target Basic System.
         Starting LSB: automatic crash report generation...
[[0;32m  OK  [0m] Started Deferred execution scheduler.
[[0;32m  OK  [0m] Started irqbalance daemon.
         Starting System Logging Service...
         Starting Virtualbox guest utils...
[[0;32m  OK  [0m] Started Regular background program processing daemon.
         Starting Dispatcher daemon for systemd-networkd...
         Starting Permit User Sessions...
         Starting Snap Daemon...
         Starting Pollinate to seed the pseudo random number generator...
[[0;32m  OK  [0m] Started FUSE filesystem for LXC.
[[0;32m  OK  [0m] Reached target Login Prompts (Pre).
         Starting LSB: Record successful boot for GRUB...
[[0;32m  OK  [0m] Started D-Bus System Message Bus.
         Starting Login Service...
         Starting Accounts Service...
         Starting LXD - container startup/shutdown...
[[0;32m  OK  [0m] Started System Logging Service.
[[0;32m  OK  [0m] Started Availability of block devices.
[[0;32m  OK  [0m] Started Permit User Sessions.
         Starting Hold until boot process finishes up...
         Starting Terminate Plymouth Boot Screen...
[[0;32m  OK  [0m] Started Hold until boot process finishes up.
         Starting Set console scheme...
[[0;32m  OK  [0m] Started Serial Getty on ttyS0.
[[0;32m  OK  [0m] Started Terminate Plymouth Boot Screen.
[[0;32m  OK  [0m] Started Login Service.
[[0;32m  OK  [0m] Started Unattended Upgrades Shutdown.
[[0;32m  OK  [0m] Started Set console scheme.
[[0;32m  OK  [0m] Created slice system-getty.slice.
[[0;32m  OK  [0m] Started Getty on tty1.
[[0;32m  OK  [0m] Reached target Login Prompts.
         Starting Authorization Manager...
[[0;32m  OK  [0m] Started LSB: automatic crash report generation.
[[0;32m  OK  [0m] Started LSB: Record successful boot for GRUB.
[[0;32m  OK  [0m] Started Authorization Manager.
[[0;32m  OK  [0m] Started Accounts Service.
[[0;32m  OK  [0m] Started Virtualbox guest utils.
[[0;32m  OK  [0m] Started LXD - container startup/shutdown.
[[0;32m  OK  [0m] Started Dispatcher daemon for systemd-networkd.
[[0;32m  OK  [0m] Started Snap Daemon.
         Starting Wait until snapd is fully seeded...
         Starting Time & Date Service...
[[0;32m  OK  [0m] Started Time & Date Service.
[[0;32m  OK  [0m] Started Pollinate to seed the pseudo random number generator.
         Starting OpenBSD Secure Shell server...
[[0;32m  OK  [0m] Started OpenBSD Secure Shell server.
[[0;32m  OK  [0m] Created slice User Slice of vagrant.
         Starting User Manager for UID 1000...
[[0;32m  OK  [0m] Started Session 1 of user vagrant.
[[0;32m  OK  [0m] Started User Manager for UID 1000.
[[0;32m  OK  [0m] Started Wait until snapd is fully seeded.
         Starting Apply the settings specified in cloud-config...
[   19.660857] cloud-init[1362]: Cloud-init v. 23.1.1-0ubuntu0~18.04.1 running 'modules:config' at Thu, 23 Mar 2023 11:32:55 +0000. Up 18.84 seconds.

Ubuntu 18.04.6 LTS ubuntu-bionic ttyS0

ubuntu-bionic login: ci-info: no authorized SSH keys fingerprints found for user ubuntu.
<14>Mar 23 11:32:57 cloud-init: #############################################################
<14>Mar 23 11:32:57 cloud-init: -----BEGIN SSH HOST KEY FINGERPRINTS-----
<14>Mar 23 11:32:57 cloud-init: 1024 SHA256:r3VakZGu1cUO+bFbnvCLQvVKlR9FMjmdt3RU5EdwtV4 root@ubuntu-bionic (DSA)
<14>Mar 23 11:32:57 cloud-init: 256 SHA256:0iQfrqfeDmfwvhRFSWjwVS6R0W8VB6C1ewLJkanfvEg root@ubuntu-bionic (ECDSA)
<14>Mar 23 11:32:57 cloud-init: 256 SHA256:24Logcbke0RShYhjOYypB4wpPltNDfnBjinOXJEo148 root@ubuntu-bionic (ED25519)
<14>Mar 23 11:32:57 cloud-init: 2048 SHA256:eb4aNZruF+COoy1PBfDZIuQ7Ggdeblro9lADCbvtAqk root@ubuntu-bionic (RSA)
<14>Mar 23 11:32:57 cloud-init: -----END SSH HOST KEY FINGERPRINTS-----
<14>Mar 23 11:32:57 cloud-init: #############################################################
-----BEGIN SSH HOST KEY KEYS-----
ecdsa-sha2-nistp256 AAAAE2VjZHNhLXNoYTItbmlzdHAyNTYAAAAIbmlzdHAyNTYAAABBBJFFY6IbtyEeqx4NanCEPnF6lg6+KIMzxRFwTB8lAnLThRzHKTcm0UciY+w3+DZ5cwzWtUB/mvHJcPvMxdVOeC0= root@ubuntu-bionic
ssh-ed25519 AAAAC3NzaC1lZDI1NTE5AAAAIA71ee6VbLiqKAPccnkulKmmuSvGfBI1c2mj9AxpvBD1 root@ubuntu-bionic
ssh-rsa AAAAB3NzaC1yc2EAAAADAQABAAABAQDM9GRiuAu0vfyKpXtNV1KfCdQUwUIBz/Qv8diYC2KgvkPHXtnw5et6R0OqDxEV4ybg97qTjNKH3A1ap9WEr3aU65pZwYywP5aY7kqYGRX5m7TvrenI5w6I0rIY4/xEcHCHmkG7kq57t1/YZ8ubpOzcQx3mmGtOPGH0d9wmLgDtNtIFN7svRvO0dL8UujW51a+Pxb8qoGWTloUeF4RstXBllTWOMH0n4JBh9Ry6jwfS4fNgSim43SBmM5pnUTcyuduAWUmK26R7TOGOgWb1mV7rZGQqdZ+Qa/AAPlDuD7niRAmSRdUCOow6QQzIeDWgSOttc2/h5JG35Gvn/6Ahr+yj root@ubuntu-bionic
-----END SSH HOST KEY KEYS-----
[   20.823496] cloud-init[1476]: Cloud-init v. 23.1.1-0ubuntu0~18.04.1 running 'modules:final' at Thu, 23 Mar 2023 11:32:56 +0000. Up 20.48 seconds.
[   20.823685] cloud-init[1476]: Cloud-init v. 23.1.1-0ubuntu0~18.04.1 finished at Thu, 23 Mar 2023 11:32:57 +0000. Datasource DataSourceNoCloud [seed=/dev/sdb][dsmode=net].  Up 20.80 seconds
